
ASEM-51 V1.3                                         Copyright (c) 2002 by W.W. Heinz                                         PAGE 1





       MCS-51 Family Macro Assembler   A S E M - 5 1   V 1.3
       =====================================================



	Source File:	7seg-2.asm
	Object File:	7seg-2.hex
	List File:	7seg-2.lst



 Line  I  Addr  Code            Source

    1:		N      0030	CSDS EQU 30H; bufor wyboru wskaŸnika 7-segmentowego
    2:		N      0038	CSDB EQU 38H; bufor danych wskaŸnika 7-segmentowego
    3:		N      0079	CZAS EQU 079H; Tablica wyœwietlanego czasu
    4:		N      0078	SS EQU 078H
    5:		N      0077	MM EQU 077H
    6:		N      0076	HH EQU 076H
    7:
    8:		N      0000	ORG 0
    9:	  0000	02 00 40		LJMP START
   10:
   11:		N      0040	ORG 40H
   12:	  0040			START:
   13:	  0040	7F 01			MOV R7, #00000001B ; Rejestr przechowuj¹cy aktualnie wybrany wyœwietlacz
   14:	  0042	90 00 CF		MOV DPTR, #WZORY ; Zapis adresów wzorów do DPTR
   15:	  0045	7C 00			MOV R4, #0 ; Aktualnie wyœwietlany symbol
   16:
   17:	  0047	75 7F 06		MOV CZAS+6, #6 ; sekundy (+6 bo 6 segmentów wyœwietlacza)
   18:	  004A	75 7E 04		MOV CZAS+5, #4 ; 10x sekundy
   19:	  004D	75 7D 00		MOV CZAS+4, #0 ; minuty
   20:	  0050	75 7C 03		MOV CZAS+3, #3 ; 10x minuty
   21:	  0053	75 7B 02		MOV CZAS+2, #2 ; godziny
   22:	  0056	75 7A 01		MOV CZAS+1, #1 ; 10x godziny
   23:
   24:	  0059	75 79 08		MOV CZAS+0, #8 ; Ledy
   25:
   26:	  005C	75 78 2E		MOV SS, #46
   27:	  005F	75 77 1E		MOV MM, #30
   28:	  0062	75 76 0C		MOV HH, #12
   29:
   30:	  0065	79 7F			MOV R1, #CZAS+6
   31:
   32:	  0067			PETLA:
   33:					;CLR P1.6 ; W³¹czenie wyœwitlacza
   34:	  0067	78 38			MOV R0, #CSDB ; Przenieœ do R0 adres CSDB
   35:	  0069	E7			MOV A, @R1 ; Przenieœ do akumulatora aktualnie wybrany symbol
   36:	  006A	19			DEC R1
   37:
   38:	  006B	D2 96			SETB P1.6 ; Wy³¹czenie wyœwietlacza na czas aktualizacji
   39:
   40:					;MOVC A, @A+DPTR ; Pobranie wzoru dla segmentu
   41:	  006D	F2			MOVX @R0, A ; Wysy³amy wzór symbolu do CSDB
   42:	  006E	78 30			MOV R0, #CSDS ; Przenieœ do R0 adres CSDS
   43:	  0070	EF			MOV A, R7 ; Przenieœ do akumulatora wybrane wyœwietlacze

ASEM-51 V1.3                                         Copyright (c) 2002 by W.W. Heinz                                         PAGE 2



 Line  I  Addr  Code            Source

   44:	  0071	F2			MOVX @R0, A ; Wysy³amy wybór do CSDS
   45:
   46:	  0072	C2 96			CLR P1.6 ; Ponowne w³¹czenie wyœwietlacza
   47:	  0074	23			RL A ; Przesuniêcie (rotacja) w lewo aktualnego wyœwietlacza
   48:
   49:					; Sprawdzamy siódmy bit w ACC, jeœli nie jest ustawiony to skaczemy do NOACC7
   50:	  0075	30 E7 24		JNB ACC.7, NOACC7
   51:	  0078	79 7F			MOV R1, #CZAS+6
   52:
   53:	  007A	05 78			INC SS ; zwiêkszanie licznika sekund
   54:	  007C	E5 78			MOV A, SS
   55:	  007E	B4 3C 17		CJNE A, #60, ACCNIE60 ; skoczenie do procedury tylko jeœli SS nie bêdzie równe 60 (aby nie w
				yjœæ poza zakres 60 sekund)
   56:	  0081	75 78 00		MOV SS, #0
   57:
   58:	  0084	05 77			INC MM
   59:	  0086	E5 77			MOV A, MM
   60:	  0088	B4 3C 0D		CJNE A, #60, ACCNIE60
   61:	  008B	75 77 00		MOV MM, #0
   62:
   63:	  008E	05 76			INC HH
   64:	  0090	E5 76			MOV A, HH
   65:	  0092	B4 18 03		CJNE A, #24, ACCNIE60
   66:	  0095	75 76 00		MOV HH, #0
   67:	  0098			ACCNIE60:
   68:	  0098	11 A1			ACALL PRZELICZ ; wywo³anie procedury
   69:	  009A	74 01			MOV A, #00000001B
   70:	  009C			NOACC7:
   71:	  009C	FF			MOV R7, A ; Zapis wybranego wyœwietlacza po rotacji
   72:	  009D	7D 04			MOV R5, #4
   73:
   74:	  009F			DELAY:
   75:					;DJNZ R6, DELAY
   76:					;DJNZ R5, DELAY
   77:
   78:	  009F	80 C6			SJMP PETLA
   79:
   80:	  00A1			PRZELICZ:
   81:	  00A1	E5 78			MOV A, SS
   82:	  00A3	75 F0 0A		MOV B, #10
   83:	  00A6	84			DIV AB ; dzielenie
   84:
   85:					; Aktualizacja segmentów do wyœwietlania
   86:	  00A7	93			MOVC A, @A+DPTR ;
   87:	  00A8	F5 7E			MOV CZAS+5, A
   88:	  00AA	E5 F0			MOV A, B
   89:	  00AC	93			MOVC A, @A+DPTR
   90:	  00AD	F5 7F			MOV CZAS+6, A
   91:
   92:	  00AF	E5 77			MOV A, MM
   93:	  00B1	75 F0 0A		MOV B, #10
   94:	  00B4	84			DIV AB ; dzielenie
   95:	  00B5	93			MOVC A, @A+DPTR ;
   96:	  00B6	F5 7C			MOV CZAS+3, A
   97:	  00B8	E5 F0			MOV A, B
   98:	  00BA	93			MOVC A, @A+DPTR

ASEM-51 V1.3                                         Copyright (c) 2002 by W.W. Heinz                                         PAGE 3



 Line  I  Addr  Code            Source

   99:	  00BB	F5 7D			MOV CZAS+4, A
  100:
  101:	  00BD	E5 76			MOV A, HH
  102:	  00BF	75 F0 0A		MOV B, #10
  103:	  00C2	84			DIV AB ; dzielenie
  104:	  00C3	93			MOVC A, @A+DPTR ;
  105:	  00C4	F5 7A			MOV CZAS+1, A
  106:	  00C6	E5 F0			MOV A, B
  107:	  00C8	93			MOVC A, @A+DPTR
  108:	  00C9	F5 7B			MOV CZAS+2, A
  109:
  110:	  00CB	75 79 FF		MOV CZAS+0, #255 ; œwiecenie ledów
  111:	  00CE	22			RET
  112:
  113:	  00CF			WZORY:
  114:	  00CF	3F 06 5B 4F	DB 00111111B, 00000110B, 01011011B, 01001111B ; od 0 do 3
  115:	  00D3	66 6D 7D 07	DB 01100110B, 01101101B, 01111101B, 00000111B ; od 4 do 7
  116:	  00D7	7F 6F 77 7C	DB 01111111B, 01101111B, 01110111B, 01111100B ; od 8 do B
  117:	  00DB	58 5E 79 71	DB 01011000B, 01011110B, 01111001B, 01110001B ; od C do F
  118:
  119:				END





                     register banks used:  ---

                     no errors




ASEM-51 V1.3                                         Copyright (c) 2002 by W.W. Heinz                                         PAGE 4





	       L I S T   O F   S Y M B O L S
	       =============================


SYMBOL				  TYPE     VALUE	LINE
------------------------------------------------------------
??ASEM_51			  NUMBER    8051
??VERSION			  NUMBER    0130
AC				  BIT	      D6
ACC				  DATA	      E0
ACCNIE60			  CODE	    0098	  67
B				  DATA	      F0
CSDB				  NUMBER    0038	   2
CSDS				  NUMBER    0030	   1
CY				  BIT	      D7
CZAS				  NUMBER    0079	   3
DELAY				  CODE	    009F	  74
DPH				  DATA	      83
DPL				  DATA	      82
EA				  BIT	      AF
ES				  BIT	      AC
ET0				  BIT	      A9
ET1				  BIT	      AB
EX0				  BIT	      A8
EX1				  BIT	      AA
EXTI0				  CODE	    0003
EXTI1				  CODE	    0013
F0				  BIT	      D5
HH				  NUMBER    0076	   6
IE				  DATA	      A8
IE0				  BIT	      89
IE1				  BIT	      8B
INT0				  BIT	      B2
INT1				  BIT	      B3
IP				  DATA	      B8
IT0				  BIT	      88
IT1				  BIT	      8A
MM				  NUMBER    0077	   5
NOACC7				  CODE	    009C	  70
OV				  BIT	      D2
P				  BIT	      D0
P0				  DATA	      80
P1				  DATA	      90
P2				  DATA	      A0
P3				  DATA	      B0
PCON				  DATA	      87
PETLA				  CODE	    0067	  32
PRZELICZ			  CODE	    00A1	  80
PS				  BIT	      BC
PSW				  DATA	      D0
PT0				  BIT	      B9
PT1				  BIT	      BB
PX0				  BIT	      B8
PX1				  BIT	      BA
RB8				  BIT	      9A
RD				  BIT	      B7

ASEM-51 V1.3                                         Copyright (c) 2002 by W.W. Heinz                                         PAGE 5



SYMBOL				  TYPE     VALUE	LINE
------------------------------------------------------------
REN				  BIT	      9C
RESET				  CODE	    0000
RI				  BIT	      98
RS0				  BIT	      D3
RS1				  BIT	      D4
RXD				  BIT	      B0
SBUF				  DATA	      99
SCON				  DATA	      98
SINT				  CODE	    0023
SM0				  BIT	      9F
SM1				  BIT	      9E
SM2				  BIT	      9D
SP				  DATA	      81
SS				  NUMBER    0078	   4
START				  CODE	    0040	  12
T0				  BIT	      B4
T1				  BIT	      B5
TB8				  BIT	      9B
TCON				  DATA	      88
TF0				  BIT	      8D
TF1				  BIT	      8F
TH0				  DATA	      8C
TH1				  DATA	      8D
TI				  BIT	      99
TIMER0				  CODE	    000B
TIMER1				  CODE	    001B
TL0				  DATA	      8A
TL1				  DATA	      8B
TMOD				  DATA	      89
TR0				  BIT	      8C
TR1				  BIT	      8E
TXD				  BIT	      B1
WR				  BIT	      B6
WZORY				  CODE	    00CF	 113
